INT:int
WSPACE
ID:main
LPAREN:(
INT:int
WSPACE
ID:a
COMMA:,
WSPACE
INT:int
WSPACE
ID:b
RPAREN:)
WSPACE
LSCOPE:{
WSPACE
WHILE:while
WSPACE
LPAREN:(
ID:a
WSPACE
COMP:==
WSPACE
INTVAL:2
RPAREN:)
WSPACE
LSCOPE:{
WSPACE
ID:b
WSPACE
ASSIGN:=
WSPACE
ID:b
WSPACE
OP:+
WSPACE
INTVAL:1
TERM:;
WSPACE
RSCOPE:}
WSPACE
RETURN:return
WSPACE
INTVAL:1
TERM:;
WSPACE
RSCOPE:}
