CHAR:char
WSPACE
ID:foo
LPAREN:(
RPAREN:)
WSPACE
LSCOPE:{
WSPACE
CHAR:char
WSPACE
ID:a
TERM:;
WSPACE
RETURN:return
WSPACE
ID:a
TERM:;
WSPACE
RSCOPE:}
WSPACE
CHAR:char
WSPACE
ID:globalvar
TERM:;
WSPACE
INT:int
WSPACE
ID:main
LPAREN:(
INT:int
WSPACE
ID:a
COMMA:,
WSPACE
INT:int
WSPACE
ID:b
RPAREN:)
WSPACE
LSCOPE:{
WSPACE
INT:int
WSPACE
ID:a
TERM:;
WSPACE
ID:a
WSPACE
ASSIGN:=
WSPACE
INTVAL:0
TERM:;
WSPACE
WHILE:while
WSPACE
LPAREN:(
ID:a
WSPACE
COMP:==
WSPACE
INTVAL:2
RPAREN:)
WSPACE
LSCOPE:{
WSPACE
ID:b
WSPACE
ASSIGN:=
WSPACE
ID:b
WSPACE
OP:+
WSPACE
INTVAL:1
TERM:;
WSPACE
RSCOPE:}
WSPACE
CHAR:char
WSPACE
ID:b
TERM:;
WSPACE
IF:if
WSPACE
LPAREN:(
ID:a
WSPACE
COMP:==
WSPACE
ID:a
RPAREN:)
WSPACE
LSCOPE:{
WSPACE
ID:a
WSPACE
ASSIGN:=
WSPACE
ID:a
TERM:;
WSPACE
RSCOPE:}
WSPACE
ELSE:else
WSPACE
LSCOPE:{
WSPACE
ID:b
WSPACE
ASSIGN:=
WSPACE
CHARVAL:"hello"
TERM:;
WSPACE
ID:b
WSPACE
ASSIGN:=
WSPACE
LPAREN:(
ID:a
WSPACE
OP:+
WSPACE
ID:b
RPAREN:)
WSPACE
OP:/
WSPACE
INTVAL:2
WSPACE
OP:+
WSPACE
INTVAL:2
TERM:;
WSPACE
RSCOPE:}
WSPACE
WHILE:while
WSPACE
LPAREN:(
INTVAL:1
WSPACE
COMP:==
WSPACE
INTVAL:1
RPAREN:)
WSPACE
LSCOPE:{
WSPACE
RSCOPE:}
WSPACE
INT:int
WSPACE
ID:c
TERM:;
WSPACE
RETURN:return
WSPACE
INTVAL:1
TERM:;
WSPACE
RSCOPE:}
