INT:int
WSPACE
ID:func
LPAREN:(
INT:int
WSPACE
ID:a
RPAREN:)
WSPACE
LSCOPE:{
WSPACE
ID:a
WSPACE
ASSIGN:=
WSPACE
ID:a
WSPACE
OP:*
WSPACE
INTVAL:1
TERM:;
WSPACE
RETURN:return
WSPACE
INTVAL:0
TERM:;
WSPACE
RSCOPE:}
