INT:int
WSPACE
ID:main
LPAREN:(
INT:int
WSPACE
ID:a
COMMA:,
WSPACE
INT:int
WSPACE
ID:b
RPAREN:)
WSPACE
LSCOPE:{
WSPACE
INT:int
WSPACE
ID:a
WSPACE
ASSIGN:=
WSPACE
INTVAL:0
TERM:;
WSPACE
RETURN:return
WSPACE
INTVAL:1
TERM:;
WSPACE
RSCOPE:}
